// Jest Snapshot v1, https://jestjs.io/docs/snapshot-testing

exports[`DiscordNotificationService should send a message to discord 1`] = `
{
  "body": "{"content":"msg 2 discord","embeds":[{"fields":[{"name":"from","value":"Post Master From [post+from@postmaster.com]"},{"name":"sender","value":"Post Master Sender [post+sender@postmaster.com]"},{"name":"to","value":"Steve Jobs [steve@apple.com]"},{"name":"description","value":"test data is not junk!"}]}]}",
  "headers": {
    "Content-Type": "application/json",
  },
  "method": "POST",
}
`;
